
> project_sih@0.1.0 dev
> next dev -p 64272

▲ Next.js 16.3.3 (Turbopack)
- Local:         http://localhost:64272
- Network:       http://192.168.222.1:64272
- Environments: .env.local
✓ Ready in 532ms
✓ Running next.config.ts took 33ms

 GET / 200 in 1328ms (next.js: 349ms, proxy.ts: 427ms, application-code: 552ms)
 GET / 200 in 176ms (next.js: 20ms, proxy.ts: 15ms, application-code: 140ms)
 GET / 200 in 197ms (next.js: 25ms, proxy.ts: 16ms, application-code: 157ms)
 GET /patient/dashboard 200 in 371ms (next.js: 95ms, proxy.ts: 11ms, application-code: 266ms)
 GET / 200 in 189ms (next.js: 21ms, proxy.ts: 15ms, application-code: 154ms)
 GET /patient/dashboard 200 in 206ms (next.js: 17ms, proxy.ts: 15ms, application-code: 174ms)
 GET /patient/hospitals 200 in 249ms (next.js: 146ms, proxy.ts: 19ms, application-code: 84ms)
 GET /patient/dashboard 200 in 424ms (next.js: 96ms, proxy.ts: 58ms, application-code: 271ms)
 GET /patient/dashboard 200 in 170ms (next.js: 21ms, proxy.ts: 20ms, application-code: 129ms)
 GET /patient/diagnostics 200 in 117ms (next.js: 76ms, proxy.ts: 7ms, application-code: 34ms)
 GET / 200 in 62ms (next.js: 9ms, proxy.ts: 5ms, application-code: 48ms)
 GET /patient/dashboard 200 in 26ms (next.js: 8ms, proxy.ts: 3ms, application-code: 15ms)
 GET /patient/medicines 200 in 77ms (next.js: 53ms, proxy.ts: 4ms, application-code: 20ms)
 GET / 200 in 58ms (next.js: 8ms, proxy.ts: 8ms, application-code: 43ms)
 GET /hospital/dashboard 200 in 62ms (next.js: 41ms, proxy.ts: 3ms, application-code: 18ms)
 GET / 200 in 61ms (next.js: 8ms, proxy.ts: 5ms, application-code: 47ms)
 GET /patient/dashboard 200 in 24ms (next.js: 6ms, proxy.ts: 3ms, application-code: 16ms)
✓ Compiled in 1009ms
 GET /patient/hospitals/h-bgp-sdh 200 in 740ms (next.js: 705ms, proxy.ts: 6ms, application-code: 28ms)
✓ Compiled in 166ms
 GET /patient/diagnostics 200 in 29ms (next.js: 8ms, proxy.ts: 4ms, application-code: 16ms)
 GET / 200 in 50ms (next.js: 6ms, proxy.ts: 5ms, application-code: 38ms)
 GET /patient/dashboard 200 in 31ms (next.js: 8ms, proxy.ts: 3ms, application-code: 21ms)
✓ Compiled in 791ms
 GET /patient/dashboard 200 in 98ms (next.js: 26ms, proxy.ts: 11ms, application-code: 60ms)
✓ Compiled in 571ms
 GET /patient/dashboard 200 in 98ms (next.js: 25ms, proxy.ts: 11ms, application-code: 62ms)
 GET /patient/dashboard 200 in 79ms (next.js: 25ms, proxy.ts: 11ms, application-code: 43ms)
 GET /patient/dashboard 200 in 88ms (next.js: 26ms, proxy.ts: 9ms, application-code: 52ms)
 GET /patient/dashboard 200 in 95ms (next.js: 25ms, proxy.ts: 12ms, application-code: 58ms)
 GET /patient/dashboard 200 in 240ms (next.js: 16ms, proxy.ts: 11ms, application-code: 212ms)
 GET /patient/dashboard 200 in 183ms (next.js: 18ms, proxy.ts: 13ms, application-code: 152ms)
✓ Compiled in 926ms
 GET /patient/dashboard 200 in 85ms (next.js: 26ms, proxy.ts: 12ms, application-code: 47ms)
 GET / 200 in 222ms (next.js: 50ms, proxy.ts: 12ms, application-code: 161ms)
 GET /patient/dashboard 200 in 50ms (next.js: 18ms, proxy.ts: 4ms, application-code: 27ms)
✓ Compiled in 307ms
 GET / 200 in 66ms (next.js: 8ms, proxy.ts: 4ms, application-code: 54ms)
 GET /patient/dashboard 200 in 27ms (next.js: 7ms, proxy.ts: 6ms, application-code: 15ms)
 GET /patient/triage 200 in 111ms (next.js: 72ms, proxy.ts: 4ms, application-code: 35ms)
 GET / 200 in 52ms (next.js: 5ms, proxy.ts: 5ms, application-code: 41ms)
 GET /patient/dashboard 200 in 35ms (next.js: 9ms, proxy.ts: 5ms, application-code: 21ms)
✓ Compiled in 669ms
✓ Compiled in 895ms
 GET /patient/dashboard 200 in 115ms (next.js: 28ms, proxy.ts: 12ms, application-code: 75ms)
✓ Compiled in 591ms
 GET /patient/dashboard 200 in 99ms (next.js: 28ms, proxy.ts: 14ms, application-code: 57ms)
 GET /patient/dashboard 200 in 95ms (next.js: 29ms, proxy.ts: 11ms, application-code: 55ms)
 GET /patient/dashboard 200 in 336ms (next.js: 22ms, proxy.ts: 10ms, application-code: 304ms)
✓ Compiled in 467ms
 GET /patient/dashboard 200 in 106ms (next.js: 27ms, proxy.ts: 12ms, application-code: 67ms)
 GET / 200 in 229ms (next.js: 44ms, proxy.ts: 13ms, application-code: 172ms)
 GET /patient/dashboard 200 in 333ms (next.js: 28ms, proxy.ts: 12ms, application-code: 293ms)
✓ Compiled in 293ms
✓ Compiled in 175ms
 GET /patient/dashboard 200 in 41ms (next.js: 11ms, proxy.ts: 4ms, application-code: 27ms)
✓ Compiled in 167ms
 GET /patient/dashboard 200 in 41ms (next.js: 13ms, proxy.ts: 5ms, application-code: 23ms)
✓ Compiled in 179ms
✓ Compiled in 214ms
 GET /patient/dashboard 200 in 36ms (next.js: 11ms, proxy.ts: 4ms, application-code: 20ms)
✓ Compiled in 143ms
 GET /patient/dashboard 200 in 44ms (next.js: 11ms, proxy.ts: 6ms, application-code: 27ms)
✓ Compiled in 141ms
 GET /patient/dashboard 200 in 35ms (next.js: 10ms, proxy.ts: 5ms, application-code: 20ms)
✓ Compiled in 96ms
 GET /patient/dashboard 200 in 116ms (next.js: 13ms, proxy.ts: 4ms, application-code: 100ms)
 GET /patient/blood 200 in 153ms (next.js: 87ms, proxy.ts: 7ms, application-code: 59ms)
✓ Compiled in 329ms
 GET /patient/blood 200 in 95ms (next.js: 19ms, proxy.ts: 10ms, application-code: 66ms)
✓ Compiled in 761ms
 GET / 200 in 64ms (next.js: 10ms, proxy.ts: 5ms, application-code: 50ms)
 GET /patient/dashboard 200 in 33ms (next.js: 10ms, proxy.ts: 5ms, application-code: 17ms)
✓ Compiled in 474ms
✓ Compiled in 757ms
✓ Compiled in 763ms
 GET /patient/dashboard 200 in 84ms (next.js: 21ms, proxy.ts: 12ms, application-code: 52ms)
 GET /patient/dashboard 200 in 145ms (next.js: 30ms, proxy.ts: 12ms, application-code: 104ms)
 GET /patient/dashboard 200 in 228ms (next.js: 16ms, proxy.ts: 11ms, application-code: 201ms)
 GET / 200 in 111ms (next.js: 20ms, proxy.ts: 9ms, application-code: 83ms)
 GET /patient/dashboard 200 in 197ms (next.js: 15ms, proxy.ts: 12ms, application-code: 170ms)
✓ Compiled in 641ms
 GET /patient/dashboard 200 in 226ms (next.js: 40ms, proxy.ts: 9ms, application-code: 177ms)
✓ Compiled in 389ms
 GET /patient/dashboard 200 in 97ms (next.js: 23ms, proxy.ts: 10ms, application-code: 64ms)
 GET /patient/dashboard 200 in 193ms (next.js: 17ms, proxy.ts: 7ms, application-code: 169ms)
 GET /patient/dashboard 200 in 205ms (next.js: 20ms, proxy.ts: 13ms, application-code: 172ms)
✓ Compiled in 928ms
 GET / 200 in 343ms (next.js: 190ms, proxy.ts: 9ms, application-code: 144ms)
 GET /patient/dashboard 200 in 311ms (next.js: 169ms, proxy.ts: 13ms, application-code: 130ms)
 GET /patient/blood 200 in 190ms (next.js: 108ms, proxy.ts: 10ms, application-code: 71ms)
 GET /patient/hospitals 200 in 210ms (next.js: 129ms, proxy.ts: 8ms, application-code: 72ms)
