⚠ [next]/internal/font/google/inter_5972bc34.module.css
Warning: Error while requesting resource
There was an issue establishing a connection while requesting https://fonts.googleapis.com/css2?family=Inter:wght@100..900&display=swap

Import trace:
  Server Component:
    [next]/internal/font/google/inter_5972bc34.module.css
    [next]/internal/font/google/inter_5972bc34.js
    ./src/app/layout.tsx


⚠ [next]/internal/font/google/inter_5972bc34.module.css
Warning: next/font: warning:
Failed to download Inter from Google Fonts. Using a fallback font instead.
If you are offline or behind a proxy, self-host the font with next/font/local, or set HTTP_PROXY/HTTPS_PROXY so Next.js can reach fonts.googleapis.com.

Import trace:
  Server Component:
    [next]/internal/font/google/inter_5972bc34.module.css
    [next]/internal/font/google/inter_5972bc34.js
    ./src/app/layout.tsx


⚠ [next]/internal/font/google/inter_5972bc34.module.css
Warning: Error while requesting resource
There was an issue establishing a connection while requesting https://fonts.googleapis.com/css2?family=Inter:wght@100..900&display=swap

Import trace:
  Server Component:
    [next]/internal/font/google/inter_5972bc34.module.css
    [next]/internal/font/google/inter_5972bc34.js
    ./src/app/layout.tsx


⚠ [next]/internal/font/google/inter_5972bc34.module.css
Warning: next/font: warning:
Failed to download Inter from Google Fonts. Using a fallback font instead.
If you are offline or behind a proxy, self-host the font with next/font/local, or set HTTP_PROXY/HTTPS_PROXY so Next.js can reach fonts.googleapis.com.

Import trace:
  Server Component:
    [next]/internal/font/google/inter_5972bc34.module.css
    [next]/internal/font/google/inter_5972bc34.js
    ./src/app/layout.tsx


⚠ [next]/internal/font/google/inter_5972bc34.module.css
Warning: Error while requesting resource
There was an issue establishing a connection while requesting https://fonts.googleapis.com/css2?family=Inter:wght@100..900&display=swap

Import trace:
  Server Component:
    [next]/internal/font/google/inter_5972bc34.module.css
    [next]/internal/font/google/inter_5972bc34.js
    ./src/app/layout.tsx


⚠ [next]/internal/font/google/inter_5972bc34.module.css
Warning: next/font: warning:
Failed to download Inter from Google Fonts. Using a fallback font instead.
If you are offline or behind a proxy, self-host the font with next/font/local, or set HTTP_PROXY/HTTPS_PROXY so Next.js can reach fonts.googleapis.com.

Import trace:
  Server Component:
    [next]/internal/font/google/inter_5972bc34.module.css
    [next]/internal/font/google/inter_5972bc34.js
    ./src/app/layout.tsx


⚠ [next]/internal/font/google/inter_5972bc34.module.css
Warning: Error while requesting resource
There was an issue establishing a connection while requesting https://fonts.googleapis.com/css2?family=Inter:wght@100..900&display=swap

Import trace:
  Server Component:
    [next]/internal/font/google/inter_5972bc34.module.css
    [next]/internal/font/google/inter_5972bc34.js
    ./src/app/layout.tsx


⚠ [next]/internal/font/google/inter_5972bc34.module.css
Warning: next/font: warning:
Failed to download Inter from Google Fonts. Using a fallback font instead.
If you are offline or behind a proxy, self-host the font with next/font/local, or set HTTP_PROXY/HTTPS_PROXY so Next.js can reach fonts.googleapis.com.

Import trace:
  Server Component:
    [next]/internal/font/google/inter_5972bc34.module.css
    [next]/internal/font/google/inter_5972bc34.js
    ./src/app/layout.tsx


⚠ [next]/internal/font/google/inter_5972bc34.module.css
Warning: Error while requesting resource
There was an issue establishing a connection while requesting https://fonts.googleapis.com/css2?family=Inter:wght@100..900&display=swap

Import trace:
  Server Component:
    [next]/internal/font/google/inter_5972bc34.module.css
    [next]/internal/font/google/inter_5972bc34.js
    ./src/app/layout.tsx


⚠ [next]/internal/font/google/inter_5972bc34.module.css
Warning: next/font: warning:
Failed to download Inter from Google Fonts. Using a fallback font instead.
If you are offline or behind a proxy, self-host the font with next/font/local, or set HTTP_PROXY/HTTPS_PROXY so Next.js can reach fonts.googleapis.com.

Import trace:
  Server Component:
    [next]/internal/font/google/inter_5972bc34.module.css
    [next]/internal/font/google/inter_5972bc34.js
    ./src/app/layout.tsx


⚠ [next]/internal/font/google/inter_5972bc34.module.css
Warning: Error while requesting resource
There was an issue establishing a connection while requesting https://fonts.googleapis.com/css2?family=Inter:wght@100..900&display=swap

Import trace:
  Server Component:
    [next]/internal/font/google/inter_5972bc34.module.css
    [next]/internal/font/google/inter_5972bc34.js
    ./src/app/layout.tsx


⚠ [next]/internal/font/google/inter_5972bc34.module.css
Warning: next/font: warning:
Failed to download Inter from Google Fonts. Using a fallback font instead.
If you are offline or behind a proxy, self-host the font with next/font/local, or set HTTP_PROXY/HTTPS_PROXY so Next.js can reach fonts.googleapis.com.

Import trace:
  Server Component:
    [next]/internal/font/google/inter_5972bc34.module.css
    [next]/internal/font/google/inter_5972bc34.js
    ./src/app/layout.tsx


⚠ [next]/internal/font/google/inter_5972bc34.module.css
Warning: Error while requesting resource
There was an issue establishing a connection while requesting https://fonts.googleapis.com/css2?family=Inter:wght@100..900&display=swap

Import trace:
  Server Component:
    [next]/internal/font/google/inter_5972bc34.module.css
    [next]/internal/font/google/inter_5972bc34.js
    ./src/app/layout.tsx


⚠ [next]/internal/font/google/inter_5972bc34.module.css
Warning: next/font: warning:
Failed to download Inter from Google Fonts. Using a fallback font instead.
If you are offline or behind a proxy, self-host the font with next/font/local, or set HTTP_PROXY/HTTPS_PROXY so Next.js can reach fonts.googleapis.com.

Import trace:
  Server Component:
    [next]/internal/font/google/inter_5972bc34.module.css
    [next]/internal/font/google/inter_5972bc34.js
    ./src/app/layout.tsx


⚠ [next]/internal/font/google/inter_5972bc34.module.css
Warning: Error while requesting resource
There was an issue establishing a connection while requesting https://fonts.googleapis.com/css2?family=Inter:wght@100..900&display=swap

Import trace:
  Server Component:
    [next]/internal/font/google/inter_5972bc34.module.css
    [next]/internal/font/google/inter_5972bc34.js
    ./src/app/layout.tsx


⚠ [next]/internal/font/google/inter_5972bc34.module.css
Warning: next/font: warning:
Failed to download Inter from Google Fonts. Using a fallback font instead.
If you are offline or behind a proxy, self-host the font with next/font/local, or set HTTP_PROXY/HTTPS_PROXY so Next.js can reach fonts.googleapis.com.

Import trace:
  Server Component:
    [next]/internal/font/google/inter_5972bc34.module.css
    [next]/internal/font/google/inter_5972bc34.js
    ./src/app/layout.tsx


⚠ [next]/internal/font/google/inter_5972bc34.module.css
Warning: Error while requesting resource
There was an issue establishing a connection while requesting https://fonts.googleapis.com/css2?family=Inter:wght@100..900&display=swap

Import trace:
  Server Component:
    [next]/internal/font/google/inter_5972bc34.module.css
    [next]/internal/font/google/inter_5972bc34.js
    ./src/app/layout.tsx


⚠ [next]/internal/font/google/inter_5972bc34.module.css
Warning: next/font: warning:
Failed to download Inter from Google Fonts. Using a fallback font instead.
If you are offline or behind a proxy, self-host the font with next/font/local, or set HTTP_PROXY/HTTPS_PROXY so Next.js can reach fonts.googleapis.com.

Import trace:
  Server Component:
    [next]/internal/font/google/inter_5972bc34.module.css
    [next]/internal/font/google/inter_5972bc34.js
    ./src/app/layout.tsx


⚠ [next]/internal/font/google/inter_5972bc34.module.css
Warning: Error while requesting resource
There was an issue establishing a connection while requesting https://fonts.googleapis.com/css2?family=Inter:wght@100..900&display=swap

Import trace:
  Server Component:
    [next]/internal/font/google/inter_5972bc34.module.css
    [next]/internal/font/google/inter_5972bc34.js
    ./src/app/layout.tsx


⚠ [next]/internal/font/google/inter_5972bc34.module.css
Warning: next/font: warning:
Failed to download Inter from Google Fonts. Using a fallback font instead.
If you are offline or behind a proxy, self-host the font with next/font/local, or set HTTP_PROXY/HTTPS_PROXY so Next.js can reach fonts.googleapis.com.

Import trace:
  Server Component:
    [next]/internal/font/google/inter_5972bc34.module.css
    [next]/internal/font/google/inter_5972bc34.js
    ./src/app/layout.tsx


⚠ [next]/internal/font/google/inter_5972bc34.module.css
Warning: Error while requesting resource
There was an issue establishing a connection while requesting https://fonts.googleapis.com/css2?family=Inter:wght@100..900&display=swap

Import trace:
  Server Component:
    [next]/internal/font/google/inter_5972bc34.module.css
    [next]/internal/font/google/inter_5972bc34.js
    ./src/app/layout.tsx


⚠ [next]/internal/font/google/inter_5972bc34.module.css
Warning: next/font: warning:
Failed to download Inter from Google Fonts. Using a fallback font instead.
If you are offline or behind a proxy, self-host the font with next/font/local, or set HTTP_PROXY/HTTPS_PROXY so Next.js can reach fonts.googleapis.com.

Import trace:
  Server Component:
    [next]/internal/font/google/inter_5972bc34.module.css
    [next]/internal/font/google/inter_5972bc34.js
    ./src/app/layout.tsx


⚠ [next]/internal/font/google/inter_5972bc34.module.css
Warning: Error while requesting resource
There was an issue establishing a connection while requesting https://fonts.googleapis.com/css2?family=Inter:wght@100..900&display=swap

Import trace:
  Server Component:
    [next]/internal/font/google/inter_5972bc34.module.css
    [next]/internal/font/google/inter_5972bc34.js
    ./src/app/layout.tsx


⚠ [next]/internal/font/google/inter_5972bc34.module.css
Warning: next/font: warning:
Failed to download Inter from Google Fonts. Using a fallback font instead.
If you are offline or behind a proxy, self-host the font with next/font/local, or set HTTP_PROXY/HTTPS_PROXY so Next.js can reach fonts.googleapis.com.

Import trace:
  Server Component:
    [next]/internal/font/google/inter_5972bc34.module.css
    [next]/internal/font/google/inter_5972bc34.js
    ./src/app/layout.tsx


⚠ [next]/internal/font/google/inter_5972bc34.module.css
Warning: Error while requesting resource
There was an issue establishing a connection while requesting https://fonts.googleapis.com/css2?family=Inter:wght@100..900&display=swap

Import trace:
  Server Component:
    [next]/internal/font/google/inter_5972bc34.module.css
    [next]/internal/font/google/inter_5972bc34.js
    ./src/app/layout.tsx


⚠ [next]/internal/font/google/inter_5972bc34.module.css
Warning: next/font: warning:
Failed to download Inter from Google Fonts. Using a fallback font instead.
If you are offline or behind a proxy, self-host the font with next/font/local, or set HTTP_PROXY/HTTPS_PROXY so Next.js can reach fonts.googleapis.com.

Import trace:
  Server Component:
    [next]/internal/font/google/inter_5972bc34.module.css
    [next]/internal/font/google/inter_5972bc34.js
    ./src/app/layout.tsx


